2024-06-10T16:35:03.782Z - Username: poi - Success: false
2024-06-10T16:35:15.496Z - Username: avc - Success: true
2024-06-10T16:42:55.855Z - Username: qwe - Success: false
2024-06-10T16:43:19.510Z - Username: 123 - Success: true
2024-06-10T16:51:10.939Z - Username: 123 - Success: true
2024-06-10T16:51:31.853Z - Username: power - Success: false
2024-06-10T16:51:47.111Z - Username: power - Success: true
2024-06-10T16:53:17.314Z - Username: 123 - Success: false
2024-06-10T16:53:32.818Z - Username: 123 - Success: true
2024-06-10T18:18:22.687Z - Username: qwe - Success: false
2024-06-10T18:18:26.479Z - Username: qwe - Success: false
2024-06-10T18:18:30.230Z - Username: qwe - Success: false
2024-06-10T18:18:32.874Z - Username: qwe - Success: false
2024-06-10T18:19:40.037Z - Username: plm - Success: true
2024-07-31T05:52:52.971Z - Username: 11 - Success: true
2024-08-02T05:23:40.711Z - Username: 12 - Success: false
2024-08-02T05:23:56.411Z - Username: 12 - Success: true
2024-08-02T05:25:29.714Z - Username: abc@gmail.com - Success: true
2024-08-03T03:58:03.255Z - Username: 11 - Success: false
2024-08-03T03:58:15.973Z - Username: abcc@gmail.com - Success: true
2024-08-12T05:51:31.503Z - Username: 12 - Success: true
2024-08-20T03:45:27.958Z - Username: 1222 - Success: true
